[    0.000000] Linux version 4.15.0-212-generic (buildd@lcy02-amd64-083) (gcc version 7.5.0 (Ubuntu 7.5.0-3ubuntu1~18.04)) #223-Ubuntu SMP Tue May 23 13:09:22 UTC 2023 (Ubuntu 4.15.0-212.223-generic 4.15.18)
[    0.000000] Command line: BOOT_IMAGE=/boot/vmlinuz-4.15.0-212-generic root=LABEL=cloudimg-rootfs ro console=tty1 console=ttyS0
[    0.000000] KERNEL supported cpus:
[    0.000000]   Intel GenuineIntel
[    0.000000]   AMD AuthenticAMD
[    0.000000]   Centaur CentaurHauls
[    0.000000] x86/fpu: Supporting XSAVE feature 0x001:'x87 floating point registers'
[    0.000000] x86/fpu: Supporting XSAVE feature 0x002: 'SSE registers'
[    0.000000] x86/fpu: Supporting XSAVE feature 0x004: 'AVX registers'
[    0.000000] x86/fpu: xstate_offset[2]:  576, xstate_sizes[2]:  256
[    0.000000] x86/fpu: Enabled xstate features 0x7, context size is 832 bytes, using 'standard' format.
[    0.000000] e820: BIOS-provided physical RAM map:
[    0.000000] BIOS-e820: [mem 0x0000000000000000-0x000000000009fbff] usable
[    0.000000] BIOS-e820: [mem 0x000000000009fc00-0x000000000009ffff] reserved
[    0.000000] BIOS-e820: [mem 0x00000000000f0000-0x00000000000fffff] reserved
[    0.000000] BIOS-e820: [mem 0x0000000000100000-0x000000003ffeffff] usable
[    0.000000] BIOS-e820: [mem 0x000000003fff0000-0x000000003fffffff] ACPI data
[    0.000000] BIOS-e820: [mem 0x00000000fec00000-0x00000000fec00fff] reserved
[    0.000000] BIOS-e820: [mem 0x00000000fee00000-0x00000000fee00fff] reserved
[    0.000000] BIOS-e820: [mem 0x00000000fffc0000-0x00000000ffffffff] reserved
[    0.000000] NX (Execute Disable) protection: active
[    0.000000] SMBIOS 2.5 present.
[    0.000000] DMI: innotek GmbH VirtualBox/VirtualBox, BIOS VirtualBox 12/01/2006
[    0.000000] Hypervisor detected: KVM
[    0.000000] e820: last_pfn = 0x3fff0 max_arch_pfn = 0x400000000
[    0.000000] x86/PAT: Configuration [0-7]: WB  WC  UC- UC  WB  WP  UC- WT  
[    0.000000] found SMP MP-table at [mem 0x0009fbf0-0x0009fbff]
[    0.000000] Scanning 1 areas for low memory corruption
[    0.000000] RAMDISK: [mem 0x359cb000-0x36cdcfff]
[    0.000000] ACPI: Early table checksum verification disabled
[    0.000000] ACPI: RSDP 0x00000000000E0000 000024 (v02 VBOX  )
[    0.000000] ACPI: XSDT 0x000000003FFF0030 00003C (v01 VBOX   VBOXXSDT 00000001 ASL  00000061)
[    0.000000] ACPI: FACP 0x000000003FFF00F0 0000F4 (v04 VBOX   VBOXFACP 00000001 ASL  00000061)
[    0.000000] ACPI: DSDT 0x000000003FFF0610 002353 (v02 VBOX   VBOXBIOS 00000002 INTL 20100528)
[    0.000000] ACPI: FACS 0x000000003FFF0200 000040
[    0.000000] ACPI: FACS 0x000000003FFF0200 000040
[    0.000000] ACPI: APIC 0x000000003FFF0240 00005C (v02 VBOX   VBOXAPIC 00000001 ASL  00000061)
[    0.000000] ACPI: SSDT 0x000000003FFF02A0 00036C (v01 VBOX   VBOXCPUT 00000002 INTL 20100528)
[    0.000000] ACPI: Reserving FACP table memory at [mem 0x3fff00f0-0x3fff01e3]
[    0.000000] ACPI: Reserving DSDT table memory at [mem 0x3fff0610-0x3fff2962]
[    0.000000] ACPI: Reserving FACS table memory at [mem 0x3fff0200-0x3fff023f]
[    0.000000] ACPI: Reserving FACS table memory at [mem 0x3fff0200-0x3fff023f]
[    0.000000] ACPI: Reserving APIC table memory at [mem 0x3fff0240-0x3fff029b]
[    0.000000] ACPI: Reserving SSDT table memory at [mem 0x3fff02a0-0x3fff060b]
[    0.000000] No NUMA configuration found
[    0.000000] Faking a node at [mem 0x0000000000000000-0x000000003ffeffff]
[    0.000000] NODE_DATA(0) allocated [mem 0x3ffc5000-0x3ffeffff]
[    0.000000] kvm-clock: cpu 0, msr 0:3ff44001, primary cpu clock
[    0.000000] kvm-clock: Using msrs 4b564d01 and 4b564d00
[    0.000000] kvm-clock: using sched offset of 6060789881 cycles
[    0.000000] clocksource: kvm-clock: mask: 0xffffffffffffffff max_cycles: 0x1cd42e4dffb, max_idle_ns: 881590591483 ns
[    0.000000] Zone ranges:
[    0.000000]   DMA      [mem 0x0000000000001000-0x0000000000ffffff]
[    0.000000]   DMA32    [mem 0x0000000001000000-0x000000003ffeffff]
[    0.000000]   Normal   empty
[    0.000000]   Device   empty
[    0.000000] Movable zone start for each node
[    0.000000] Early memory node ranges
[    0.000000]   node   0: [mem 0x0000000000001000-0x000000000009efff]
[    0.000000]   node   0: [mem 0x0000000000100000-0x000000003ffeffff]
[    0.000000] Reserved but unavailable: 104 pages
[    0.000000] Initmem setup node 0 [mem 0x0000000000001000-0x000000003ffeffff]
[    0.000000] ACPI: PM-Timer IO Port: 0x4008
[    0.000000] IOAPIC[0]: apic_id 2, version 32, address 0xfec00000, GSI 0-23
[    0.000000] ACPI: INT_SRC_OVR (bus 0 bus_irq 0 global_irq 2 dfl dfl)
[    0.000000] ACPI: INT_SRC_OVR (bus 0 bus_irq 9 global_irq 9 low level)
[    0.000000] Using ACPI (MADT) for SMP configuration information
[    0.000000] smpboot: Allowing 2 CPUs, 0 hotplug CPUs
[    0.000000] PM: Registered nosave memory: [mem 0x00000000-0x00000fff]
[    0.000000] PM: Registered nosave memory: [mem 0x0009f000-0x0009ffff]
[    0.000000] PM: Registered nosave memory: [mem 0x000a0000-0x000effff]
[    0.000000] PM: Registered nosave memory: [mem 0x000f0000-0x000fffff]
[    0.000000] e820: [mem 0x40000000-0xfebfffff] available for PCI devices
[    0.000000] Booting paravirtualized kernel on KVM
[    0.000000] clocksource: refined-jiffies: mask: 0xffffffff max_cycles: 0xffffffff, max_idle_ns: 7645519600211568 ns
[    0.000000] setup_percpu: NR_CPUS:8192 nr_cpumask_bits:2 nr_cpu_ids:2 nr_node_ids:1
[    0.000000] percpu: Embedded 50 pages/cpu s167936 r8192 d28672 u1048576
[    0.000000] PV qspinlock hash table entries: 256 (order: 0, 4096 bytes)
[    0.000000] Built 1 zonelists, mobility grouping on.  Total pages: 257913
[    0.000000] Policy zone: DMA32
[    0.000000] Kernel command line: BOOT_IMAGE=/boot/vmlinuz-4.15.0-212-generic root=LABEL=cloudimg-rootfs ro console=tty1 console=ttyS0
[    0.000000] Memory: 982644K/1048120K available (12300K kernel code, 2477K rwdata, 4324K rodata, 2480K init, 2720K bss, 65476K reserved, 0K cma-reserved)
[    0.000000] SLUB: HWalign=64, Order=0-3, MinObjects=0, CPUs=2, Nodes=1
[    0.000000] Kernel/User page tables isolation: enabled
[    0.000000] ftrace: allocating 39508 entries in 155 pages
[    0.004000] Hierarchical RCU implementation.
[    0.004000] 	RCU restricting CPUs from NR_CPUS=8192 to nr_cpu_ids=2.
[    0.004000] 	Tasks RCU enabled.
[    0.004000] RCU: Adjusting geometry for rcu_fanout_leaf=16, nr_cpu_ids=2
[    0.004000] NR_IRQS: 524544, nr_irqs: 440, preallocated irqs: 16
[    0.004000] random: crng init done
[    0.004000] Console: colour VGA+ 80x25
[    0.004000] console [tty1] enabled
[    0.004000] console [ttyS0] enabled
[    0.004000] ACPI: Core revision 20170831
[    0.004000] ACPI: 2 ACPI AML tables successfully acquired and loaded
[    0.004000] APIC: Switch to symmetric I/O mode setup
[    0.004000] x2apic enabled
[    0.004000] Switched APIC routing to physical x2apic.
[    0.004000] ..TIMER: vector=0x30 apic1=0 pin1=2 apic2=-1 pin2=-1
[    0.004005] tsc: Detected 3192.004 MHz processor
[    0.004958] Calibrating delay loop (skipped) preset value.. 6384.00 BogoMIPS (lpj=12768016)
[    0.008004] pid_max: default: 32768 minimum: 301
[    0.009011] Security Framework initialized
[    0.009881] Yama: becoming mindful.
[    0.010679] AppArmor: AppArmor initialized
[    0.015068] Dentry cache hash table entries: 131072 (order: 8, 1048576 bytes)
[    0.016067] Inode-cache hash table entries: 65536 (order: 7, 524288 bytes)
[    0.017421] Mount-cache hash table entries: 2048 (order: 2, 16384 bytes)
[    0.018709] Mountpoint-cache hash table entries: 2048 (order: 2, 16384 bytes)
[    0.020260] Last level iTLB entries: 4KB 128, 2MB 8, 4MB 8
[    0.021376] Last level dTLB entries: 4KB 64, 2MB 0, 4MB 0, 1GB 4
[    0.022684] Spectre V1 : Mitigation: usercopy/swapgs barriers and __user pointer sanitization
[    0.024003] Spectre V2 : Mitigation: Retpolines
[    0.024938] Spectre V2 : Spectre v2 / SpectreRSB mitigation: Filling RSB on context switch
[    0.026660] Spectre V2 : Spectre v2 / SpectreRSB : Filling RSB on VMEXIT
[    0.028002] RETBleed: WARNING: Spectre v2 mitigation leaves CPU vulnerable to RETBleed attacks, data leaks possible!
[    0.030076] RETBleed: Vulnerable
[    0.030786] Speculative Store Bypass: Vulnerable
[    0.032167] MDS: Mitigation: Clear CPU buffers
[    0.033053] MMIO Stale Data: Mitigation: Clear CPU buffers
[    0.034181] SRBDS: Unknown: Dependent on hypervisor status
[    0.036212] Freeing SMP alternatives memory: 36K
[    0.148075] smpboot: CPU0: Intel(R) Core(TM) i5-6500 CPU @ 3.20GHz (family: 0x6, model: 0x5e, stepping: 0x3)
[    0.150245] Performance Events: unsupported p6 CPU model 94 no PMU driver, software events only.
[    0.152000] Hierarchical SRCU implementation.
[    0.152540] NMI watchdog: Perf event create on CPU 0 failed with -2
[    0.153940] NMI watchdog: Perf NMI watchdog permanently disabled
[    0.155235] smp: Bringing up secondary CPUs ...
[    0.156110] x86: Booting SMP configuration:
[    0.156932] .... node  #0, CPUs:      #1
[    0.004000] kvm-clock: cpu 1, msr 0:3ff44041, secondary cpu clock
[    0.160046] smp: Brought up 1 node, 2 CPUs
[    0.164027] smpboot: Max logical packages: 1
[    0.165907] smpboot: Total of 2 processors activated (12768.01 BogoMIPS)
[    0.172357] devtmpfs: initialized
[    0.173028] x86/mm: Memory block size: 128MB
[    0.174223] evm: security.selinux
[    0.175113] evm: security.SMACK64
[    0.176011] evm: security.SMACK64EXEC
[    0.177042] evm: security.SMACK64TRANSMUTE
[    0.178097] evm: security.SMACK64MMAP
[    0.180005] evm: security.apparmor
[    0.180828] evm: security.ima
[    0.181484] evm: security.capability
[    0.182319] clocksource: jiffies: mask: 0xffffffff max_cycles: 0xffffffff, max_idle_ns: 7645041785100000 ns
[    0.184026] futex hash table entries: 512 (order: 3, 32768 bytes)
[    0.185290] pinctrl core: initialized pinctrl subsystem
[    0.188117] RTC time: 20:51:44, date: 03/17/25
[    0.192136] NET: Registered protocol family 16
[    0.193225] audit: initializing netlink subsys (disabled)
[    0.194356] audit: type=2000 audit(1742244712.139:1): state=initialized audit_enabled=0 res=1
[    0.196011] cpuidle: using governor ladder
[    0.196842] cpuidle: using governor menu
[    0.197713] ACPI: bus type PCI registered
[    0.198574] acpiphp: ACPI Hot Plug PCI Controller Driver version: 0.5
[    0.200097] PCI: Using configuration type 1 for base access
[    0.201288] HugeTLB registered 2.00 MiB page size, pre-allocated 0 pages
[    0.204105] ACPI: Added _OSI(Module Device)
[    0.204946] ACPI: Added _OSI(Processor Device)
[    0.205905] ACPI: Added _OSI(3.0 _SCP Extensions)
[    0.206829] ACPI: Added _OSI(Processor Aggregator Device)
[    0.208004] ACPI: Added _OSI(Linux-Dell-Video)
[    0.208939] ACPI: Added _OSI(Linux-Lenovo-NV-HDMI-Audio)
[    0.210039] ACPI: Added _OSI(Linux-HPI-Hybrid-Graphics)
[    0.212275] ACPI: Executed 1 blocks of module-level executable AML code
[    0.217965] ACPI: Interpreter enabled
[    0.218744] ACPI: (supports S0 S5)
[    0.219468] ACPI: Using IOAPIC for interrupt routing
[    0.220352] PCI: Using host bridge windows from ACPI; if necessary, use "pci=nocrs" and report a bug
[    0.222613] ACPI: Enabled 2 GPEs in block 00 to 07
[    0.230978] ACPI: PCI Root Bridge [PCI0] (domain 0000 [bus 00-ff])
[    0.232007] acpi PNP0A03:00: _OSC: OS supports [ASPM ClockPM Segments MSI]
[    0.233989] acpi PNP0A03:00: _OSC: not requesting OS control; OS requires [ExtendedConfig ASPM ClockPM MSI]
[    0.236011] acpi PNP0A03:00: fail to add MMCONFIG information, can't access extended PCI configuration space under this bridge.
[    0.238908] PCI host bridge to bus 0000:00
[    0.240004] pci_bus 0000:00: root bus resource [io  0x0000-0x0cf7 window]
[    0.241348] pci_bus 0000:00: root bus resource [io  0x0d00-0xffff window]
[    0.242896] pci_bus 0000:00: root bus resource [mem 0x000a0000-0x000bffff window]
[    0.244005] pci_bus 0000:00: root bus resource [mem 0x40000000-0xfdffffff window]
[    0.245555] pci_bus 0000:00: root bus resource [bus 00-ff]
[    0.250242] pci 0000:00:01.1: legacy IDE quirk: reg 0x10: [io  0x01f0-0x01f7]
[    0.251692] pci 0000:00:01.1: legacy IDE quirk: reg 0x14: [io  0x03f6]
[    0.252005] pci 0000:00:01.1: legacy IDE quirk: reg 0x18: [io  0x0170-0x0177]
[    0.253505] pci 0000:00:01.1: legacy IDE quirk: reg 0x1c: [io  0x0376]
[    0.271110] pci 0000:00:07.0: quirk: [io  0x4000-0x403f] claimed by PIIX4 ACPI
[    0.272017] pci 0000:00:07.0: quirk: [io  0x4100-0x410f] claimed by PIIX4 SMB
[    0.279184] ACPI: PCI Interrupt Link [LNKA] (IRQs 5 9 10 *11)
[    0.280371] ACPI: PCI Interrupt Link [LNKB] (IRQs 5 9 *10 11)
[    0.281680] ACPI: PCI Interrupt Link [LNKC] (IRQs 5 *9 10 11)
[    0.283064] ACPI: PCI Interrupt Link [LNKD] (IRQs 5 9 10 *11)
[    0.284483] SCSI subsystem initialized
[    0.285466] pci 0000:00:02.0: vgaarb: setting as boot VGA device
[    0.285466] pci 0000:00:02.0: vgaarb: VGA device added: decodes=io+mem,owns=io+mem,locks=none
[    0.288011] pci 0000:00:02.0: vgaarb: bridge control possible
[    0.289242] vgaarb: loaded
[    0.289995] ACPI: bus type USB registered
[    0.292055] usbcore: registered new interface driver usbfs
[    0.294032] usbcore: registered new interface driver hub
[    0.295318] usbcore: registered new device driver usb
[    0.296116] EDAC MC: Ver: 3.0.0
[    0.300334] PCI: Using ACPI for IRQ routing
[    0.301380] NetLabel: Initializing
[    0.302259] NetLabel:  domain hash size = 128
[    0.303412] NetLabel:  protocols = UNLABELED CIPSOv4 CALIPSO
[    0.304032] NetLabel:  unlabeled traffic allowed by default
[    0.309087] clocksource: Switched to clocksource kvm-clock
[    0.328006] VFS: Disk quotas dquot_6.6.0
[    0.328889] VFS: Dquot-cache hash table entries: 512 (order 0, 4096 bytes)
[    0.330385] AppArmor: AppArmor Filesystem Enabled
[    0.331402] pnp: PnP ACPI init
[    0.333339] pnp: PnP ACPI: found 3 devices
[    0.342980] clocksource: acpi_pm: mask: 0xffffff max_cycles: 0xffffff, max_idle_ns: 2085701024 ns
[    0.344816] NET: Registered protocol family 2
[    0.345753] IP idents hash table entries: 16384 (order: 5, 131072 bytes)
[    0.350179] TCP established hash table entries: 8192 (order: 4, 65536 bytes)
[    0.351697] TCP bind hash table entries: 8192 (order: 5, 131072 bytes)
[    0.353011] TCP: Hash tables configured (established 8192 bind 8192)
[    0.354289] UDP hash table entries: 512 (order: 2, 16384 bytes)
[    0.355456] UDP-Lite hash table entries: 512 (order: 2, 16384 bytes)
[    0.356812] NET: Registered protocol family 1
[    0.357707] pci 0000:00:00.0: Limiting direct PCI/PCI transfers
[    0.358939] pci 0000:00:01.0: Activating ISA DMA hang workarounds
[    0.360208] pci 0000:00:02.0: Video device with shadowed ROM at [mem 0x000c0000-0x000dffff]
[    0.362067] Unpacking initramfs...
[    0.714476] Freeing initrd memory: 19528K
[    0.715515] clocksource: tsc: mask: 0xffffffffffffffff max_cycles: 0x2e02c8c3a19, max_idle_ns: 440795275133 ns
[    0.717639] platform rtc_cmos: registered platform RTC device (no PNP device found)
[    0.719314] Scanning for low memory corruption every 60 seconds
[    0.721195] Initialise system trusted keyrings
[    0.722114] Key type blacklist registered
[    0.723060] workingset: timestamp_bits=36 max_order=18 bucket_order=0
[    0.725402] zbud: loaded
[    0.726517] squashfs: version 4.0 (2009/01/31) Phillip Lougher
[    0.727944] fuse init (API version 7.26)
[    0.730584] Key type asymmetric registered
[    0.731483] Asymmetric key parser 'x509' registered
[    0.732576] Block layer SCSI generic (bsg) driver version 0.4 loaded (major 246)
[    0.734183] io scheduler noop registered
[    0.735070] io scheduler deadline registered
[    0.735991] io scheduler cfq registered (default)
[    0.737384] ACPI: AC Adapter [AC] (on-line)
[    0.738349] input: Power Button as /devices/LNXSYSTM:00/LNXPWRBN:00/input/input0
[    0.740076] ACPI: Power Button [PWRF]
[    0.741113] input: Sleep Button as /devices/LNXSYSTM:00/LNXSLPBN:00/input/input1
[    0.742827] ACPI: Sleep Button [SLPF]
[    0.743954] Serial: 8250/16550 driver, 32 ports, IRQ sharing enabled
[    0.766051] 00:02: ttyS0 at I/O 0x3f8 (irq = 4, base_baud = 115200) is a 16550A
[    0.769080] Linux agpgart interface v0.103
[    0.774185] loop: module loaded
[    0.775638] scsi host0: ata_piix
[    0.776648] scsi host1: ata_piix
[    0.777412] ata1: PATA max UDMA/33 cmd 0x1f0 ctl 0x3f6 bmdma 0xd000 irq 14
[    0.778816] ata2: PATA max UDMA/33 cmd 0x170 ctl 0x376 bmdma 0xd008 irq 15
[    0.780625] tun: Universal TUN/TAP device driver, 1.6
[    0.781724] PPP generic driver version 2.4.2
[    0.782679] ehci_hcd: USB 2.0 'Enhanced' Host Controller (EHCI) Driver
[    0.784029] ehci-pci: EHCI PCI platform driver
[    0.785042] ehci-platform: EHCI generic platform driver
[    0.786142] ohci_hcd: USB 1.1 'Open' Host Controller (OHCI) Driver
[    0.787450] ohci-pci: OHCI PCI platform driver
[    0.788459] ohci-platform: OHCI generic platform driver
[    0.789594] uhci_hcd: USB Universal Host Controller Interface driver
[    0.791032] i8042: PNP: PS/2 Controller [PNP0303:PS2K,PNP0f03:PS2M] at 0x60,0x64 irq 1,12
[    0.793155] serio: i8042 KBD port at 0x60,0x64 irq 1
[    0.794254] serio: i8042 AUX port at 0x60,0x64 irq 12
[    0.795389] mousedev: PS/2 mouse device common for all mice
[    0.796862] input: AT Translated Set 2 keyboard as /devices/platform/i8042/serio0/input/input2
[    0.799049] rtc_cmos rtc_cmos: rtc core: registered rtc_cmos as rtc0
[    0.800429] rtc_cmos rtc_cmos: alarms up to one day, 114 bytes nvram
[    0.801798] i2c /dev entries driver
[    0.802617] device-mapper: uevent: version 1.0.3
[    0.803624] device-mapper: ioctl: 4.37.0-ioctl (2017-09-20) initialised: dm-devel@redhat.com
[    0.805559] ledtrig-cpu: registered to indicate activity on CPUs
[    0.807179] NET: Registered protocol family 10
[    0.811950] Segment Routing with IPv6
[    0.812832] NET: Registered protocol family 17
[    0.813909] Key type dns_resolver registered
[    0.815006] mce: Using 0 MCE banks
[    0.815787] RAS: Correctable Errors collector initialized.
[    0.817071] sched_clock: Marking stable (817042043, 0)->(1048725073, -231683030)
[    0.818938] registered taskstats version 1
[    0.819878] Loading compiled-in X.509 certificates
[    0.823881] Loaded X.509 cert 'Build time autogenerated kernel key: b5b26778eaa3ab3a4a6cee031137706e947d12ad'
[    0.826989] Loaded X.509 cert 'Canonical Ltd. Live Patch Signing: 14df34d1a87cf37625abec039ef2bf521249b969'
[    0.829949] Loaded X.509 cert 'Canonical Ltd. Kernel Module Signing: 88f752e560a1e0737e31163a466ad7b70a850c19'
[    0.832007] blacklist: Loading compiled-in revocation X.509 certificates
[    0.833419] Loaded X.509 cert 'Canonical Ltd. Secure Boot Signing: 61482aa2830d0ab2ad5af10b7250da9033ddcef0'
[    0.835477] Loaded X.509 cert 'Canonical Ltd. Secure Boot Signing (2017): 242ade75ac4a15e50d50c84b0d45ff3eae707a03'
[    0.837805] Loaded X.509 cert 'Canonical Ltd. Secure Boot Signing (ESM 2018): 365188c1d374d6b07c3c8f240f8ef722433d6a8b'
[    0.839986] Loaded X.509 cert 'Canonical Ltd. Secure Boot Signing (2019): c0746fd6c5da3ae827864651ad66ae47fe24b3e8'
[    0.842271] Loaded X.509 cert 'Canonical Ltd. Secure Boot Signing (2021 v1): a8d54bbb3825cfb94fa13c9f8a594a195c107b8d'
[    0.844757] Loaded X.509 cert 'Canonical Ltd. Secure Boot Signing (2021 v2): 4cf046892d6fd3c9a5b03f98d845f90851dc6a8c'
[    0.846807] Loaded X.509 cert 'Canonical Ltd. Secure Boot Signing (2021 v3): 100437bb6de6e469b581e61cd66bce3ef4ed53af'
[    0.849004] Loaded X.509 cert 'Canonical Ltd. Secure Boot Signing (Ubuntu Core 2019): c1d57b8f6b743f23ee41f4f7ee292f06eecadfb9'
[    0.851634] zswap: loaded using pool lzo/zbud
[    0.856266] Key type big_key registered
[    0.857098] Key type trusted registered
[    0.859429] Key type encrypted registered
[    0.860415] AppArmor: AppArmor sha1 policy hashing enabled
[    0.861808] ima: No TPM chip found, activating TPM-bypass! (rc=-19)
[    0.863179] ima: Allocated hash algorithm: sha1
[    0.864174] evm: HMAC attrs: 0x1
[    0.869120]   Magic number: 1:720:902
[    0.870004] acpi PNP0501:02: hash matches
[    0.871124] rtc_cmos rtc_cmos: setting system clock to 2025-03-17 20:51:45 UTC (1742244705)
[    0.873097] BIOS EDD facility v0.16 2004-Jun-25, 0 devices found
[    0.874341] EDD information not available.
[    0.968193] Freeing unused kernel image memory: 2480K
[    0.980683] Write protecting the kernel read-only data: 20480k
[    0.982798] Freeing unused kernel image memory: 2008K
[    0.984188] Freeing unused kernel image memory: 1820K
[    0.993037] x86/mm: Checked W+X mappings: passed, no W+X pages found.
[    0.994525] x86/mm: Checking user space page tables
[    1.002927] x86/mm: Checked W+X mappings: passed, no W+X pages found.
Loading, please wait...
starting version 237
[    1.086734] Fusion MPT base driver 3.04.20
[    1.088602] Copyright (c) 1999-2008 LSI Corporation
[    1.111902] AVX2 version of gcm_enc/dec engaged.
[    1.113066] AES CTR mode by8 optimization enabled
[    1.116846] e1000: Intel(R) PRO/1000 Network Driver - version 7.3.21-k8-NAPI
[    1.118429] e1000: Copyright (c) 1999-2006 Intel Corporation.
[    1.125432] Fusion MPT SPI Host driver 3.04.20
[    1.138422] mptbase: ioc0: Initiating bringup
[    1.255430] ioc0: LSI53C1030 A0: Capabilities={Initiator}
[    1.320252] input: ImExPS/2 Generic Explorer Mouse as /devices/platform/i8042/serio1/input/input4
[    3.076312] scsi host2: ioc0: LSI53C1030 A0, FwRev=00000000h, Ports=1, MaxQ=256, IRQ=20
[    4.741953] scsi 2:0:0:0: Direct-Access     VBOX     HARDDISK         1.0  PQ: 0 ANSI: 5
[    4.788208] scsi target2:0:0: Beginning Domain Validation
[    4.807352] scsi target2:0:0: Domain Validation skipping write tests
[    4.811860] scsi target2:0:0: Ending Domain Validation
[    4.814506] scsi target2:0:0: asynchronous
[    4.817684] scsi 2:0:1:0: Direct-Access     VBOX     HARDDISK         1.0  PQ: 0 ANSI: 5
[    5.156006] scsi target2:0:1: Beginning Domain Validation
[    5.159661] scsi target2:0:1: Domain Validation skipping write tests
[    5.160974] scsi target2:0:1: Ending Domain Validation
[    5.162114] scsi target2:0:1: asynchronous
[    5.167380] sd 2:0:0:0: [sda] 83886080 512-byte logical blocks: (42.9 GB/40.0 GiB)
[    5.169047] sd 2:0:0:0: [sda] Write Protect is off
[    5.170090] sd 2:0:0:0: [sda] Incomplete mode parameter data
[    5.171273] sd 2:0:0:0: [sda] Assuming drive cache: write through
[    5.172799] sd 2:0:0:0: Attached scsi generic sg0 type 0
[    5.175367] sd 2:0:1:0: [sdb] 20480 512-byte logical blocks: (10.5 MB/10.0 MiB)
[    5.177056] sd 2:0:1:0: [sdb] Write Protect is off
[    5.178042] sd 2:0:1:0: Attached scsi generic sg1 type 0
[    5.179306] sd 2:0:1:0: [sdb] Incomplete mode parameter data
[    5.180687] sd 2:0:1:0: [sdb] Assuming drive cache: write through
[    5.189688] e1000 0000:00:03.0 eth0: (PCI:33MHz:32-bit) 02:3b:7b:b7:3b:2d
[    5.191479] e1000 0000:00:03.0 eth0: Intel(R) PRO/1000 Network Connection
[    5.221227]  sda: sda1
[    5.223314] sd 2:0:0:0: [sda] Attached SCSI disk
[    5.459587] sd 2:0:1:0: [sdb] Attached SCSI disk
[    5.467099] e1000 0000:00:03.0 enp0s3: renamed from eth0
Begin: Loading essential drivers ... [    7.884080] raid6: sse2x1   gen() 10181 MB/s
[    7.932087] raid6: sse2x1   xor()  7665 MB/s
[    7.980074] raid6: sse2x2   gen() 12511 MB/s
[    8.028065] raid6: sse2x2   xor()  8487 MB/s
[    8.076131] raid6: sse2x4   gen() 13442 MB/s
[    8.124047] raid6: sse2x4   xor()  7951 MB/s
[    8.172067] raid6: avx2x1   gen() 22237 MB/s
[    8.220056] raid6: avx2x1   xor() 16111 MB/s
[    8.268078] raid6: avx2x2   gen() 27386 MB/s
[    8.316069] raid6: avx2x2   xor() 17043 MB/s
[    8.364089] raid6: avx2x4   gen() 29921 MB/s
[    8.412060] raid6: avx2x4   xor() 17793 MB/s
[    8.413015] raid6: using algorithm avx2x4 gen() 29921 MB/s
[    8.414157] raid6: .... xor() 17793 MB/s, rmw enabled
[    8.415222] raid6: using avx2x2 recovery algorithm
[    8.417147] xor: automatically using best checksumming function   avx       
[    8.419295] async_tx: api initialized (async)
done.
Begin: Running /scripts/init-premount ... done.
Begin: Mounting root file system ... Begin: Running /scripts/local-top ... done.
Begin: Running /scripts/local-premount ... [    8.467848] Btrfs loaded, crc32c=crc32c-intel
Scanning for Btrfs filesystems
done.
Warning: fsck not present, so skipping root file system
[    8.593431] EXT4-fs (sda1): mounted filesystem with ordered data mode. Opts: (null)
done.
Begin: Running /scripts/local-bottom ... done.
Begin: Running /scripts/init-bottom ... done.
[    9.929747] ip_tables: (C) 2000-2006 Netfilter Core Team
[   10.034419] systemd[1]: systemd 237 running in system mode. (+PAM +AUDIT +SELINUX +IMA +APPARMOR +SMACK +SYSVINIT +UTMP +LIBCRYPTSETUP +GCRYPT +GNUTLS +ACL +XZ +LZ4 +SECCOMP +BLKID +ELFUTILS +KMOD -IDN2 +IDN -PCRE2 default-hierarchy=hybrid)
[   10.050408] systemd[1]: Detected virtualization oracle.
[   10.055844] systemd[1]: Detected architecture x86-64.

Welcome to [1mUbuntu 18.04.6 LTS[0m!

[   10.120709] systemd[1]: Set hostname to <ubuntu>.
[   10.163681] systemd[1]: Initializing machine ID from random generator.
[   10.165164] systemd[1]: Installed transient /etc/machine-id file.
[   11.757146] systemd[1]: Reached target Swap.
[[0;32m  OK  [0m] Reached target Swap.
[   11.768628] systemd[1]: Reached target System Time Synchronized.
[[0;32m  OK  [0m] Reached target System Time Synchronized.
[   11.780592] systemd[1]: Started Forward Password Requests to Wall Directory Watch.
[[0;32m  OK  [0m] Started Forward Password Requests to Wall Directory Watch.
[   11.782895] systemd[1]: Reached target Mounting snaps.
[[0;32m  OK  [0m] Reached target Mounting snaps.
[[0;32m  OK  [0m] Reached target User and Group Name Lookups.
[[0;32m  OK  [0m] Created slice User and Session Slice.
[[0;32m  OK  [0m] Created slice System Slice.
[[0;32m  OK  [0m] Listening on Journal Socket (/dev/log).
[[0;32m  OK  [0m] Reached target Slices.
[[0;32m  OK  [0m] Listening on LVM2 metadata daemon socket.
[[0;32m  OK  [0m] Listening on Syslog Socket.
[[0;32m  OK  [0m] Listening on LVM2 poll daemon socket.
[[0;32m  OK  [0m] Listening on /dev/initctl Compatibility Named Pipe.
[[0;32m  OK  [0m] Listening on Network Service Netlink Socket.
[[0;32m  OK  [0m] Created slice system-serial\x2dgetty.slice.
[[0;32m  OK  [0m] Listening on fsck to fsckd communication Socket.
[[0;32m  OK  [0m] Listening on Device-mapper event daemon FIFOs.
[[0;32m  OK  [0m] Listening on udev Control Socket.
[[0;32m  OK  [0m] Listening on udev Kernel Socket.
[[0;32m  OK  [0m] Listening on Journal Socket.
         Starting Set the console keyboard layout...
         Starting Create list of required stâ€¦ce nodes for the current kernel...
         Mounting POSIX Message Queue File System...
         Mounting Kernel Debug File System...
         Starting File System Check on Root Device...
         Mounting Huge Pages File System...
         Starting Monitoring of LVM2 mirrorsâ€¦ng dmeventd or progress polling...
         Starting Uncomplicated firewall...
         Starting Load Kernel Modules...
         Starting udev Coldplug all Devices...
[[0;32m  OK  [0m] Listening on Journal Audit Socket.
         Starting Journal Service...
[[0;32m  OK  [0m] Reached target Mounted snaps.
[[0;32m  OK  [0m] Set up automount Arbitrary Executabâ€¦rmats File System Automount Point.
[[0;32m  OK  [0m] Started Create list of required staâ€¦vice nodes for the current kernel.
[[0;32m  OK  [0m] Mounted POSIX Message Queue File System.
[[0;32m  OK  [0m] Mounted Kernel Debug File System.
[[0;32m  OK  [0m] Mounted Huge Pages File System.
[[0;32m  OK  [0m] Started File System Check Daemon to report status.
         Starting Create Static Device Nodes in /dev...
[[0;32m  OK  [0m] Started Uncomplicated firewall.
[[0;32m  OK  [0m] Started Journal Service.
[[0;32m  OK  [0m] Started udev Coldplug all Devices.
[   13.123967] Loading iSCSI transport class v2.0-870.
[[0;32m  OK  [0m] Started File System Check on Root Device.
         Starting Remount Root and Kernel File Systems...
[   13.434810] iscsi: registered transport (tcp)
[   13.555972] EXT4-fs (sda1): re-mounted. Opts: (null)
[[0;32m  OK  [0m] Started Remount Root and Kernel File Systems.
         Starting Load/Save Random Seed...
[   13.646111] iscsi: registered transport (iser)
         Starting Flush Journal to Persistent Storage...
[[0;32m  OK  [0m] Started Load Kernel Modules.
[[0;32m  OK  [0m] Started Load/Save Random Seed.
[[0;32m  OK  [0m] Started LVM2 metadata daemon.
         Mounting FUSE Control File System...
         Mounting Kernel Configuration File System...
         Starting Apply Kernel Variables...
[[0;32m  OK  [0m] Mounted FUSE Control File System.
[[0;32m  OK  [0m] Mounted Kernel Configuration File System.
[[0;32m  OK  [0m] Started Create Static Device Nodes in /dev.
         Starting udev Kernel Device Manager...
[   13.922620] systemd-journald[405]: Received request to flush runtime journal from PID 1
[[0;32m  OK  [0m] Started Monitoring of LVM2 mirrors,â€¦sing dmeventd or progress polling.
[[0;32m  OK  [0m] Started Apply Kernel Variables.
[[0;32m  OK  [0m] Started Flush Journal to Persistent Storage.
[[0;32m  OK  [0m] Started udev Kernel Device Manager.
[[0;32m  OK  [0m] Found device /dev/ttyS0.
[[0;32m  OK  [0m] Listening on Load/Save RF Kill Switch Status /dev/rfkill Watch.
         Mounting Arbitrary Executable File Formats File System...
[[0;32m  OK  [0m] Mounted Arbitrary Executable File Formats File System.
[[0;32m  OK  [0m] Started Set the console keyboard layout.
[[0;32m  OK  [0m] Started Dispatch Password Requests to Console Directory Watch.
[[0;32m  OK  [0m] Reached target Local Encrypted Volumes.
[[0;32m  OK  [0m] Reached target Local File Systems (Pre).
[[0;32m  OK  [0m] Reached target Local File Systems.
         Starting AppArmor initialization...
         Starting Tell Plymouth To Write Out Runtime Data...
         Starting ebtables ruleset management...
         Starting Create Volatile Files and Directories...
         Starting Commit a transient machine-id on disk...
         Starting Set console font and keymap...
[[0;32m  OK  [0m] Started Tell Plymouth To Write Out Runtime Data.
[[0;32m  OK  [0m] Started Create Volatile Files and Directories.
         Starting Update UTMP about System Boot/Shutdown...
[[0;32m  OK  [0m] Started Update UTMP about System Boot/Shutdown.
[[0;32m  OK  [0m] Started Commit a transient machine-id on disk.
[[0;32m  OK  [0m] Started ebtables ruleset management.
[[0;32m  OK  [0m] Started Set console font and keymap.
[[0;32m  OK  [0m] Started AppArmor initialization.
         Starting Load AppArmor profiles managed internally by snapd...
         Starting Initial cloud-init job (pre-networking)...
[[0;32m  OK  [0m] Started Load AppArmor profiles managed internally by snapd.
[   25.852962] cloud-init[904]: Cloud-init v. 23.1.2-0ubuntu0~18.04.1 running 'init-local' at Mon, 17 Mar 2025 20:52:09 +0000. Up 24.49 seconds.
[[0;32m  OK  [0m] Started Initial cloud-init job (pre-networking).
[[0;32m  OK  [0m] Reached target Network (Pre).
         Starting Network Service...
[[0;32m  OK  [0m] Started Network Service.
         Starting Wait for Network to be Configured...
         Starting Network Name Resolution...
[[0;32m  OK  [0m] Started Network Name Resolution.
[[0;32m  OK  [0m] Reached target Host and Network Name Lookups.
[[0;32m  OK  [0m] Reached target Network.
[[0;32m  OK  [0m] Started Wait for Network to be Configured.
         Starting Initial cloud-init job (metadata service crawler)...
[   29.212242] cloud-init[1033]: Cloud-init v. 23.1.2-0ubuntu0~18.04.1 running 'init' at Mon, 17 Mar 2025 20:52:13 +0000. Up 28.84 seconds.
[   29.215614] cloud-init[1033]: ci-info: ++++++++++++++++++++++++++++++++++++++Net device info++++++++++++++++++++++++++++++++++++++
[   29.218038] cloud-init[1033]: ci-info: +--------+------+----------------------------+---------------+--------+-------------------+
[   29.222022] cloud-init[1033]: ci-info: | Device |  Up  |          Address           |      Mask     | Scope  |     Hw-Address    |
[   29.224653] cloud-init[1033]: ci-info: +--------+------+----------------------------+---------------+--------+-------------------+
[   29.226674] cloud-init[1033]: ci-info: | enp0s3 | True |         10.0.2.15          | 255.255.255.0 | global | 02:3b:7b:b7:3b:2d |
[   29.228692] cloud-init[1033]: ci-info: | enp0s3 | True | fd00::3b:7bff:feb7:3b2d/64 |       .       | global | 02:3b:7b:b7:3b:2d |
[   29.230859] cloud-init[1033]: ci-info: | enp0s3 | True | fe80::3b:7bff:feb7:3b2d/64 |       .       |  link  | 02:3b:7b:b7:3b:2d |
[   29.233287] cloud-init[1033]: ci-info: |   lo   | True |         127.0.0.1          |   255.0.0.0   |  host  |         .         |
[   29.236814] cloud-init[1033]: ci-info: |   lo   | True |          ::1/128           |       .       |  host  |         .         |
[   29.239475] cloud-init[1033]: ci-info: +--------+------+----------------------------+---------------+--------+-------------------+
[   29.241768] cloud-init[1033]: ci-info: ++++++++++++++++++++++++++++Route IPv4 info+++++++++++++++++++++++++++++
[   29.244392] cloud-init[1033]: ci-info: +-------+-------------+----------+-----------------+-----------+-------+
[   29.246445] cloud-init[1033]: ci-info: | Route | Destination | Gateway  |     Genmask     | Interface | Flags |
[   29.249651] cloud-init[1033]: ci-info: +-------+-------------+----------+-----------------+-----------+-------+
[   29.253212] cloud-init[1033]: ci-info: |   0   |   0.0.0.0   | 10.0.2.2 |     0.0.0.0     |   enp0s3  |   UG  |
[   29.257255] cloud-init[1033]: ci-info: |   1   |   10.0.2.0  | 0.0.0.0  |  255.255.255.0  |   enp0s3  |   U   |
[   29.259003] cloud-init[1033]: ci-info: |   2   |   10.0.2.2  | 0.0.0.0  | 255.255.255.255 |   enp0s3  |   UH  |
[   29.260726] cloud-init[1033]: ci-info: +-------+-------------+----------+-----------------+-----------+-------+
[   29.262811] cloud-init[1033]: ci-info: +++++++++++++++++++Route IPv6 info+++++++++++++++++++
[   29.264288] cloud-init[1033]: ci-info: +-------+-------------+---------+-----------+-------+
[   29.265628] cloud-init[1033]: ci-info: | Route | Destination | Gateway | Interface | Flags |
[   29.267309] cloud-init[1033]: ci-info: +-------+-------------+---------+-----------+-------+
[   29.270155] cloud-init[1033]: ci-info: |   1   |  fd00::/64  |    ::   |   enp0s3  |   U   |
[   29.272554] cloud-init[1033]: ci-info: |   2   |  fe80::/64  |    ::   |   enp0s3  |   U   |
[   29.274096] cloud-init[1033]: ci-info: |   3   |     ::/0    | fe80::2 |   enp0s3  |   UG  |
[   29.275628] cloud-init[1033]: ci-info: |   5   |    local    |    ::   |   enp0s3  |   U   |
[   29.277816] cloud-init[1033]: ci-info: |   6   |   ff00::/8  |    ::   |   enp0s3  |   U   |
[   29.279132] cloud-init[1033]: ci-info: +-------+-------------+---------+-----------+-------+
[   31.193347] cloud-init[1033]: Generating public/private rsa key pair.
[   31.194532] cloud-init[1033]: Your identification has been saved in /etc/ssh/ssh_host_rsa_key.
[   31.195889] cloud-init[1033]: Your public key has been saved in /etc/ssh/ssh_host_rsa_key.pub.
[   31.197286] cloud-init[1033]: The key fingerprint is:
[   31.198202] cloud-init[1033]: SHA256:337kihq7hfHVO1EEV6WEikOjalRZr5ib7CbY5DVspEI root@ubuntu-bionic
[   31.204729] cloud-init[1033]: The key's randomart image is:
[   31.206439] cloud-init[1033]: +---[RSA 2048]----+
[   31.207426] cloud-init[1033]: |       o.    .o.B|
[   31.208345] cloud-init[1033]: |      o o.  .. + |
[   31.212197] cloud-init[1033]: |     . o o..  . .|
[   31.213033] cloud-init[1033]: |  E . ooo..  . . |
[   31.213935] cloud-init[1033]: | . . =o S.  . o  |
[   31.214781] cloud-init[1033]: |  . =.=o = o  .o |
[   31.220895] cloud-init[1033]: |   B o+.o + .oo  |
[   31.222294] cloud-init[1033]: |  . +..  + o  o. |
[   31.223312] cloud-init[1033]: |     o. +o. oo   |
[   31.224245] cloud-init[1033]: +----[SHA256]-----+
[   31.228313] cloud-init[1033]: Generating public/private dsa key pair.
[   31.229627] cloud-init[1033]: Your identification has been saved in /etc/ssh/ssh_host_dsa_key.
[   31.236819] cloud-init[1033]: Your public key has been saved in /etc/ssh/ssh_host_dsa_key.pub.
[   31.240228] cloud-init[1033]: The key fingerprint is:
[   31.281208] cloud-init[1033]: SHA256:bYA+T68+jyJvE+JEptVmn0947+bcLQtjJsI6pTU0sag root@ubuntu-bionic
[   31.282728] cloud-init[1033]: The key's randomart image is:
[   31.283569] cloud-init[1033]: +---[DSA 1024]----+
[   31.284491] cloud-init[1033]: |                 |
[   31.286257] cloud-init[1033]: |       ..        |
[   31.287812] cloud-init[1033]: |     ....o       |
[   31.288703] cloud-init[1033]: |    +.= +o       |
[   31.289843] cloud-init[1033]: |   = +ooS+o      |
[   31.290812] cloud-init[1033]: |  . E .=Boo      |
[   31.291898] cloud-init[1033]: |   o . =+=o.=    |
[   31.292915] cloud-init[1033]: |    o *..+.=o+.. |
[   31.293889] cloud-init[1033]: |     +o=+o.++ oo.|
[   31.294796] cloud-init[1033]: +----[SHA256]-----+
[   31.295747] cloud-init[1033]: Generating public/private ecdsa key pair.
[   31.297041] cloud-init[1033]: Your identification has been saved in /etc/ssh/ssh_host_ecdsa_key.
[   31.298610] cloud-init[1033]: Your public key has been saved in /etc/ssh/ssh_host_ecdsa_key.pub.
[   31.299992] cloud-init[1033]: The key fingerprint is:
[   31.301072] cloud-init[1033]: SHA256:FN55VHbgTukBXxKTsyYrcaoKbHhuic5FOwUEyQjS4XY root@ubuntu-bionic
[   31.304587] cloud-init[1033]: The key's randomart image is:
[   31.305674] cloud-init[1033]: +---[ECDSA 256]---+
[   31.316426] cloud-init[1033]: |++o+.   .   o.B+o|
[   31.317307] cloud-init[1033]: |o.+.   . o o =o* |
[   31.319157] cloud-init[1033]: |  o E   o o . *o |
[   31.320534] cloud-init[1033]: | . . . .  ..o+o. |
[   31.321538] cloud-init[1033]: |    . . S  + +o  |
[   31.322468] cloud-init[1033]: |   + o    o .    |
[   31.378915] cloud-init[1033]: |  ..O.   . .     |
[   31.381179] cloud-init[1033]: | ..=oo  .        |
[   31.382332] cloud-init[1033]: | .o.. ..         |
[   31.383984] cloud-init[1033]: +----[SHA256]-----+
[   31.386380] cloud-init[1033]: Generating public/private ed25519 key pair.
[   31.388469] cloud-init[1033]: Your identification has been saved in /etc/ssh/ssh_host_ed25519_key.
[   31.390311] cloud-init[1033]: Your public key has been saved in /etc/ssh/ssh_host_ed25519_key.pub.
[   31.391924] cloud-init[1033]: The key fingerprint is:
[[0;32m  OK  [0m] Started Initial cloud-init job (metadata service crawler).
[   31.415227] [[0;32m  OK  [0m] Reached target System Initialization.
[[0;32m  OK  [0m] Listening on ACPID Listen Socket.
[[0;32m  OK  [0m] Listening on Open-iSCSI iscsid Socket.
[[0;32m  OK  [0m] Started Ubuntu Advantage Timer for running repeated jobs.
         Starting Socket activation for snappy daemon.
[[0;32m  OK  [0m] Started Message of the Day.
[[0;32m  OK  [0m] Listening on UUID daemon activation socket.
[[0;32m  OK  [0m] Started Discard unused blocks once a week.
[[0;32m  OK  [0m] Listening on cloud-init hotplug hook socket.
[[0;32m  OK  [0m] Started ACPI Events Check.
cloud-init[1033]: SHA256:ucKWLhaeUC2fEL6HO6hzD/ckXNFMICuM29VeU3+FGCs root@ubuntu-bionic
         Starting LXD - unix socket.
[   31.445839] [[0;32m  OK  [0m] Reached target Paths.
[[0;32m  OK  [0m] Started Daily Cleanup of Temporary Directories.
cloud-init[1033]: The key's randomart image is:
[[0;32m  OK  [0m] Listening on D-Bus System Message Bus Socket.
[[0;32m  OK  [0m] Started Daily apt download activities.
[   31.450064] cloud-init[[0;32m  OK  [0m] Started Daily apt upgrade and clean activities.
[[0;32m  OK  [0m] Reached target Timers.
[[0;32m  OK  [0m] Reached target Network is Online.
[1033]: +--[ED25519 256]--+[[0;32m  OK  [0m] Reached target Remote File Systems (Pre).
[[0;32m  OK  [0m] Reached target Remote File Systems.

[   31.473620] cloud-init[1033]: |    . ... . .o ..|
[   31.475030] cloud-init         Starting Availability of block devices...
[[0;32m  OK  [0m] Reached target Cloud-config availability.
[[0;32m  OK  [0m] Listening on Socket activation for snappy daemon.
[[0;32m  OK  [0m] Listening on LXD - unix socket.
[[0;32m  OK  [0m] Reached target Sockets.
[[0;32m  OK  [0m] Reached target Basic System.
[1033]: | o  .+ + . ..... |
         Starting Permit User Sessions...
         Starting System Logging Service...
         Starting LSB: Record successful boot for GRUB...
[   31.484159] cloud-init[1033]: |. o.ooo = E o .  |
[   31.491007] cloud-init[1033]: | o o=..o o . .   |
[[0;32m  OK  [0m] Started FUSE filesystem for LXC.
[   31.492087] cloud-init[1033]: |. .. *o.S        |
         Starting LXD - container startup/shutdown...
[   31.509765] cloud-init[1033]: |  ..+o+. .       |
[   31.512195] cloud-init[1033]: |  .++=* .        |
[   31.512933] cloud-init[1033]: |. ooB* .         |
[   31.514042] cloud-init[1033]: |.+ o.oo          |
[   31.514777] cloud-init[1033]: +----[SHA256]-----+
[[0;32m  OK  [0m] Started irqbalance daemon.
         Starting Pollinate to seed the pseudo random number generator...
[[0;32m  OK  [0m] Started Deferred execution scheduler.
         Starting Login Service...
[[0;32m  OK  [0m] Started Regular background program processing daemon.
         Starting Virtualbox guest utils...
         Starting LSB: automatic crash report generation...
         Starting Dispatcher daemon for systemd-networkd...
         Starting Accounts Service...
         Starting Snap Daemon...
[[0;32m  OK  [0m] Reached target Login Prompts (Pre).
[[0;32m  OK  [0m] Started D-Bus System Message Bus.
[[0;32m  OK  [0m] Started Login Service.
[[0;32m  OK  [0m] Started Unattended Upgrades Shutdown.
[[0;32m  OK  [0m] Started System Logging Service.
[[0;32m  OK  [0m] Started Availability of block devices.
[[0;32m  OK  [0m] Started Permit User Sessions.
         Starting Hostname Service...
         Starting Hold until boot process finishes up...
         Starting Terminate Plymouth Boot Screen...
[[0;32m  OK  [0m] Started Hold until boot process finishes up.
[[0;32m  OK  [0m] Started Serial Getty on ttyS0.
         Starting Set console scheme...
[[0;32m  OK  [0m] Started Terminate Plymouth Boot Screen.
[[0;32m  OK  [0m] Started LSB: automatic crash report generation.
[[0;32m  OK  [0m] Started Set console scheme.
[[0;32m  OK  [0m] Created slice system-getty.slice.
[[0;32m  OK  [0m] Started Getty on tty1.
[[0;32m  OK  [0m] Reached target Login Prompts.
[[0;32m  OK  [0m] Started Hostname Service.
         Starting Authorization Manager...
[[0;32m  OK  [0m] Started LSB: Record successful boot for GRUB.
[[0;32m  OK  [0m] Started Authorization Manager.
[[0;32m  OK  [0m] Started Virtualbox guest utils.
[[0;32m  OK  [0m] Started Accounts Service.
[[0;32m  OK  [0m] Started Dispatcher daemon for systemd-networkd.

Ubuntu 18.04.6 LTS ubuntu-bionic ttyS0

ubuntu-bionic login: [   67.041474] cloud-init[1902]: Cloud-init v. 23.1.2-0ubuntu0~18.04.1 running 'modules:config' at Mon, 17 Mar 2025 20:52:34 +0000. Up 50.27 seconds.
ci-info: no authorized SSH keys fingerprints found for user ubuntu.
<14>Mar 17 20:52:54 cloud-init: #############################################################
<14>Mar 17 20:52:54 cloud-init: -----BEGIN SSH HOST KEY FINGERPRINTS-----
<14>Mar 17 20:52:54 cloud-init: 1024 SHA256:bYA+T68+jyJvE+JEptVmn0947+bcLQtjJsI6pTU0sag root@ubuntu-bionic (DSA)
<14>Mar 17 20:52:54 cloud-init: 256 SHA256:FN55VHbgTukBXxKTsyYrcaoKbHhuic5FOwUEyQjS4XY root@ubuntu-bionic (ECDSA)
<14>Mar 17 20:52:54 cloud-init: 256 SHA256:ucKWLhaeUC2fEL6HO6hzD/ckXNFMICuM29VeU3+FGCs root@ubuntu-bionic (ED25519)
<14>Mar 17 20:52:54 cloud-init: 2048 SHA256:337kihq7hfHVO1EEV6WEikOjalRZr5ib7CbY5DVspEI root@ubuntu-bionic (RSA)
<14>Mar 17 20:52:54 cloud-init: -----END SSH HOST KEY FINGERPRINTS-----
<14>Mar 17 20:52:54 cloud-init: #############################################################
-----BEGIN SSH HOST KEY KEYS-----
ecdsa-sha2-nistp256 AAAAE2VjZHNhLXNoYTItbmlzdHAyNTYAAAAIbmlzdHAyNTYAAABBBKoF/p31cIq7G4arRftkTIyJIIdKQYL5GL3u7kdkxZUcmShmAuh0Tokdi/ZRDlXeV0fC+oDvpxByu454WEhizUI= root@ubuntu-bionic
ssh-ed25519 AAAAC3NzaC1lZDI1NTE5AAAAIB+VZC2CHhsSYp2PiflDJ3GajkVbiW9RajQ9DCcAJCks root@ubuntu-bionic
ssh-rsa AAAAB3NzaC1yc2EAAAADAQABAAABAQDFT7EONKigpgnXNDIW02e4wUx+cpKIs43Y42jE9c4FXx8YWFjO8dw3FFBNjFdMvhhQHu2cwyGhkV9bWp4j/AMjhnq76HzsG9EiPCrzF2VTjXeSENcpvXwVt98pQAaiyJv8sn3icd4DhVE/4rtnSeysVqhSh4xfrHoNdzxJEUBBz1R22sT+Ye0PjhI6UAlH2lhlSijGur/dV+c5rfvftf8Z3cQ4ZrIRbmbyzivS5Xjcm82euQKK5V7hcPPQ4M9AdMfw0OAfYGw0i3kATUHoj9NeWRMyMqvVlMlGbBDIb5kkvSjWlgilnXV0Gq+21C8vKxtI/eQBkdKrmDfO0ZWdbPYj root@ubuntu-bionic
-----END SSH HOST KEY KEYS-----
[   69.959300] cloud-init[2191]: Cloud-init v. 23.1.2-0ubuntu0~18.04.1 running 'modules:final' at Mon, 17 Mar 2025 20:52:52 +0000. Up 67.85 seconds.
[   69.959417] cloud-init[2191]: Cloud-init v. 23.1.2-0ubuntu0~18.04.1 finished at Mon, 17 Mar 2025 20:52:54 +0000. Datasource DataSourceNoCloud [seed=/dev/sdb][dsmode=net].  Up 69.94 seconds
